
> frontend@0.0.0 build
> vite build

npm : [31mfailed to load config from D:\ProgramData\paperless_meeting\frontend\vite.config.js[39m
所在位置 行:2 字符: 1
+ npm run build *> build_output.txt; Get-Content build_output.txt
+ ~~~~~~~~~~~~~~~~~~~~~~~~~~~~~~~~~
    + CategoryInfo          : NotSpecified: ([31mfailed to ....config.js[39m:String) [], RemoteException
    + FullyQualifiedErrorId : NativeCommandError
 
[31merror during build:
Error: spawn EPERM
    at ChildProcess.spawn (node:internal/child_process:420:11)
    at Object.spawn (node:child_process:762:9)
    at ensureServiceIsRunning (D:\ProgramData\paperless_meeting\frontend\node_modules\esbuild\lib\main.js:1978:29)
    at build (D:\ProgramData\paperless_meeting\frontend\node_modules\esbuild\lib\main.js:1876:26)
    at bundleConfigFile (file:///D:/ProgramData/paperless_meeting/frontend/node_modules/vite/dist/node/chunks/config.js
:35806:23)
    at bundleAndLoadConfigFile (file:///D:/ProgramData/paperless_meeting/frontend/node_modules/vite/dist/node/chunks/co
nfig.js:35793:24)
    at loadConfigFromFile (file:///D:/ProgramData/paperless_meeting/frontend/node_modules/vite/dist/node/chunks/config.
js:35762:179)
    at resolveConfig (file:///D:/ProgramData/paperless_meeting/frontend/node_modules/vite/dist/node/chunks/config.js:35
411:28)
    at resolveConfigToBuild (file:///D:/ProgramData/paperless_meeting/frontend/node_modules/vite/dist/node/chunks/confi
g.js:33442:9)
    at createBuilder (file:///D:/ProgramData/paperless_meeting/frontend/node_modules/vite/dist/node/chunks/config.js:33
874:25)[39m
